// Jest Snapshot v1, https://goo.gl/fbAQLP

exports[`render a snapshot of the page 1`] = `
<div>
  <div
    class="App"
  >
    <div
      class="header"
    >
      <div
        class="logo"
      >
        <p>
          WeMovies
        </p>
      </div>
      <div
        class="cart"
      >
        <div
          class="wrapCart"
        >
          <div
            class="myCart"
          >
            <p>
              Meu Carrinho
            </p>
          </div>
          <div
            class="statusCart"
          >
            <p>
              0 itens
            </p>
          </div>
        </div>
        <div
          class="iconBasket"
        >
          <img
            alt="Icone de Cesta para Representar as Compras no Site"
            src="basket.svg"
          />
        </div>
      </div>
    </div>
    <section
      class="principal"
      data-testid="container"
    >
      <div
        class="card"
        data-testid="card"
      >
        <div
          class="image"
          data-testid="image"
        >
          <img
            alt="Capa do filme Viúva Negra"
            src="https://www.imagemhost.com.br/images/2022/07/10/viuva-negra.png"
          />
        </div>
        <div
          class="title"
          data-testid="title"
        >
          Viúva Negra
        </div>
        <div
          class="price"
          data-testid="price"
        >
          <p>
            R$ 
            9,99
          </p>
        </div>
        <div
          class="addCart"
          data-testid="button"
        >
          <img
            alt="Icone de um carrinho de mercado"
            src="cartplus.svg"
          />
          <p>
            0
          </p>
          <p>
            ADICIONAR AO CARRINHO
          </p>
        </div>
      </div>
    </section>
  </div>
</div>
`;
